[2024-05-28T21:16:55.292+0600][0.012s][info][gc,heap] Heap region size: 2M
[2024-05-28T21:16:55.512+0600][0.240s][info][gc     ] Using G1
[2024-05-28T21:16:55.512+0600][0.240s][info][gc,heap,coops] Heap address: 0x0000000640000000, size: 7168 MB, Compressed Oops mode: Zero based, Oop shift amount: 3
[2024-05-28T21:16:57.621+0600][2.339s][info][gc,start     ] GC(0) Pause Young (Concurrent Start) (Metadata GC Threshold)
[2024-05-28T21:16:57.621+0600][2.340s][info][gc,task      ] GC(0) Using 8 workers of 8 for evacuation
[2024-05-28T21:16:57.636+0600][2.358s][info][gc,phases    ] GC(0)   Pre Evacuate Collection Set: 0.1ms
[2024-05-28T21:16:57.636+0600][2.358s][info][gc,phases    ] GC(0)   Evacuate Collection Set: 16.3ms
[2024-05-28T21:16:57.636+0600][2.358s][info][gc,phases    ] GC(0)   Post Evacuate Collection Set: 1.0ms
[2024-05-28T21:16:57.636+0600][2.358s][info][gc,phases    ] GC(0)   Other: 1.1ms
[2024-05-28T21:16:57.636+0600][2.358s][info][gc,heap      ] GC(0) Eden regions: 67->0(167)
[2024-05-28T21:16:57.636+0600][2.358s][info][gc,heap      ] GC(0) Survivor regions: 0->12(23)
[2024-05-28T21:16:57.636+0600][2.358s][info][gc,heap      ] GC(0) Old regions: 0->0
[2024-05-28T21:16:57.636+0600][2.358s][info][gc,heap      ] GC(0) Humongous regions: 2->2
[2024-05-28T21:16:57.636+0600][2.358s][info][gc,metaspace ] GC(0) Metaspace: 20563K->20563K(1069056K)
[2024-05-28T21:16:57.636+0600][2.358s][info][gc           ] GC(0) Pause Young (Concurrent Start) (Metadata GC Threshold) 137M->26M(7168M) 18.851ms
[2024-05-28T21:16:57.636+0600][2.358s][info][gc,cpu       ] GC(0) User=0.03s Sys=0.02s Real=0.01s
[2024-05-28T21:16:57.636+0600][2.358s][info][gc           ] GC(1) Concurrent Cycle
[2024-05-28T21:16:57.636+0600][2.358s][info][gc,marking   ] GC(1) Concurrent Clear Claimed Marks
[2024-05-28T21:16:57.636+0600][2.358s][info][gc,marking   ] GC(1) Concurrent Clear Claimed Marks 0.044ms
[2024-05-28T21:16:57.636+0600][2.358s][info][gc,marking   ] GC(1) Concurrent Scan Root Regions
[2024-05-28T21:16:57.636+0600][2.362s][info][gc,marking   ] GC(1) Concurrent Scan Root Regions 3.285ms
[2024-05-28T21:16:57.636+0600][2.362s][info][gc,marking   ] GC(1) Concurrent Mark (2.362s)
[2024-05-28T21:16:57.636+0600][2.362s][info][gc,marking   ] GC(1) Concurrent Mark From Roots
[2024-05-28T21:16:57.636+0600][2.362s][info][gc,task      ] GC(1) Using 2 workers of 2 for marking
[2024-05-28T21:16:57.636+0600][2.364s][info][gc,marking   ] GC(1) Concurrent Mark From Roots 2.558ms
[2024-05-28T21:16:57.636+0600][2.364s][info][gc,marking   ] GC(1) Concurrent Preclean
[2024-05-28T21:16:57.636+0600][2.364s][info][gc,marking   ] GC(1) Concurrent Preclean 0.042ms
[2024-05-28T21:16:57.636+0600][2.364s][info][gc,marking   ] GC(1) Concurrent Mark (2.362s, 2.364s) 2.667ms
[2024-05-28T21:16:57.636+0600][2.364s][info][gc,start     ] GC(1) Pause Remark
[2024-05-28T21:16:57.636+0600][2.366s][info][gc,stringtable] GC(1) Cleaned string and symbol table, strings: 9383 processed, 0 removed, symbols: 67440 processed, 9 removed
[2024-05-28T21:16:57.636+0600][2.366s][info][gc            ] GC(1) Pause Remark 27M->27M(7168M) 1.439ms
[2024-05-28T21:16:57.636+0600][2.366s][info][gc,cpu        ] GC(1) User=0.00s Sys=0.00s Real=0.00s
[2024-05-28T21:16:57.636+0600][2.366s][info][gc,marking    ] GC(1) Concurrent Rebuild Remembered Sets
[2024-05-28T21:16:57.636+0600][2.366s][info][gc,marking    ] GC(1) Concurrent Rebuild Remembered Sets 0.143ms
[2024-05-28T21:16:57.636+0600][2.366s][info][gc,start      ] GC(1) Pause Cleanup
[2024-05-28T21:16:57.652+0600][2.366s][info][gc            ] GC(1) Pause Cleanup 27M->27M(7168M) 0.252ms
[2024-05-28T21:16:57.652+0600][2.367s][info][gc,cpu        ] GC(1) User=0.02s Sys=0.00s Real=0.02s
[2024-05-28T21:16:57.652+0600][2.367s][info][gc,marking    ] GC(1) Concurrent Cleanup for Next Mark
[2024-05-28T21:16:57.652+0600][2.371s][info][gc,marking    ] GC(1) Concurrent Cleanup for Next Mark 4.822ms
[2024-05-28T21:16:57.652+0600][2.371s][info][gc            ] GC(1) Concurrent Cycle 13.122ms
[2024-05-28T21:16:59.948+0600][4.676s][info][gc,start      ] GC(2) Pause Young (Concurrent Start) (Metadata GC Threshold)
[2024-05-28T21:16:59.948+0600][4.676s][info][gc,task       ] GC(2) Using 8 workers of 8 for evacuation
[2024-05-28T21:16:59.995+0600][4.724s][info][gc,phases     ] GC(2)   Pre Evacuate Collection Set: 0.1ms
[2024-05-28T21:16:59.995+0600][4.724s][info][gc,phases     ] GC(2)   Evacuate Collection Set: 46.3ms
[2024-05-28T21:16:59.995+0600][4.724s][info][gc,phases     ] GC(2)   Post Evacuate Collection Set: 1.3ms
[2024-05-28T21:16:59.995+0600][4.724s][info][gc,phases     ] GC(2)   Other: 0.4ms
[2024-05-28T21:16:59.995+0600][4.724s][info][gc,heap       ] GC(2) Eden regions: 92->0(158)
[2024-05-28T21:16:59.995+0600][4.724s][info][gc,heap       ] GC(2) Survivor regions: 12->21(23)
[2024-05-28T21:16:59.995+0600][4.724s][info][gc,heap       ] GC(2) Old regions: 0->0
[2024-05-28T21:16:59.995+0600][4.724s][info][gc,heap       ] GC(2) Humongous regions: 6->5
[2024-05-28T21:16:59.995+0600][4.724s][info][gc,metaspace  ] GC(2) Metaspace: 34958K->34958K(1081344K)
[2024-05-28T21:16:59.995+0600][4.724s][info][gc            ] GC(2) Pause Young (Concurrent Start) (Metadata GC Threshold) 217M->50M(7168M) 48.264ms
[2024-05-28T21:16:59.995+0600][4.724s][info][gc,cpu        ] GC(2) User=0.09s Sys=0.09s Real=0.05s
[2024-05-28T21:16:59.995+0600][4.724s][info][gc            ] GC(3) Concurrent Cycle
[2024-05-28T21:16:59.995+0600][4.724s][info][gc,marking    ] GC(3) Concurrent Clear Claimed Marks
[2024-05-28T21:16:59.995+0600][4.724s][info][gc,marking    ] GC(3) Concurrent Clear Claimed Marks 0.061ms
[2024-05-28T21:16:59.995+0600][4.724s][info][gc,marking    ] GC(3) Concurrent Scan Root Regions
[2024-05-28T21:17:00.026+0600][4.742s][info][gc,marking    ] GC(3) Concurrent Scan Root Regions 17.925ms
[2024-05-28T21:17:00.026+0600][4.742s][info][gc,marking    ] GC(3) Concurrent Mark (4.742s)
[2024-05-28T21:17:00.026+0600][4.742s][info][gc,marking    ] GC(3) Concurrent Mark From Roots
[2024-05-28T21:17:00.026+0600][4.742s][info][gc,task       ] GC(3) Using 2 workers of 2 for marking
[2024-05-28T21:17:00.026+0600][4.745s][info][gc,marking    ] GC(3) Concurrent Mark From Roots 2.580ms
[2024-05-28T21:17:00.026+0600][4.745s][info][gc,marking    ] GC(3) Concurrent Preclean
[2024-05-28T21:17:00.026+0600][4.745s][info][gc,marking    ] GC(3) Concurrent Preclean 0.092ms
[2024-05-28T21:17:00.026+0600][4.745s][info][gc,marking    ] GC(3) Concurrent Mark (4.742s, 4.745s) 2.791ms
[2024-05-28T21:17:00.026+0600][4.745s][info][gc,start      ] GC(3) Pause Remark
[2024-05-28T21:17:00.026+0600][4.748s][info][gc,stringtable] GC(3) Cleaned string and symbol table, strings: 21234 processed, 0 removed, symbols: 107725 processed, 81 removed
[2024-05-28T21:17:00.026+0600][4.748s][info][gc            ] GC(3) Pause Remark 51M->49M(7168M) 3.325ms
[2024-05-28T21:17:00.026+0600][4.748s][info][gc,cpu        ] GC(3) User=0.00s Sys=0.00s Real=0.00s
[2024-05-28T21:17:00.026+0600][4.748s][info][gc,marking    ] GC(3) Concurrent Rebuild Remembered Sets
[2024-05-28T21:17:00.026+0600][4.750s][info][gc,marking    ] GC(3) Concurrent Rebuild Remembered Sets 1.867ms
[2024-05-28T21:17:00.026+0600][4.750s][info][gc,start      ] GC(3) Pause Cleanup
[2024-05-28T21:17:00.026+0600][4.751s][info][gc            ] GC(3) Pause Cleanup 49M->49M(7168M) 0.359ms
[2024-05-28T21:17:00.026+0600][4.751s][info][gc,cpu        ] GC(3) User=0.00s Sys=0.00s Real=0.00s
[2024-05-28T21:17:00.026+0600][4.751s][info][gc,marking    ] GC(3) Concurrent Cleanup for Next Mark
[2024-05-28T21:17:00.042+0600][4.757s][info][gc,marking    ] GC(3) Concurrent Cleanup for Next Mark 6.160ms
[2024-05-28T21:17:00.042+0600][4.757s][info][gc            ] GC(3) Concurrent Cycle 33.309ms
[2024-05-28T21:17:03.166+0600][7.881s][info][gc,start      ] GC(4) Pause Young (Concurrent Start) (Metadata GC Threshold)
[2024-05-28T21:17:03.166+0600][7.881s][info][gc,task       ] GC(4) Using 8 workers of 8 for evacuation
[2024-05-28T21:17:03.201+0600][7.917s][info][gc,phases     ] GC(4)   Pre Evacuate Collection Set: 0.1ms
[2024-05-28T21:17:03.201+0600][7.918s][info][gc,phases     ] GC(4)   Evacuate Collection Set: 34.5ms
[2024-05-28T21:17:03.201+0600][7.918s][info][gc,phases     ] GC(4)   Post Evacuate Collection Set: 1.4ms
[2024-05-28T21:17:03.201+0600][7.918s][info][gc,phases     ] GC(4)   Other: 0.3ms
[2024-05-28T21:17:03.201+0600][7.918s][info][gc,heap       ] GC(4) Eden regions: 128->0(167)
[2024-05-28T21:17:03.201+0600][7.918s][info][gc,heap       ] GC(4) Survivor regions: 21->12(23)
[2024-05-28T21:17:03.201+0600][7.918s][info][gc,heap       ] GC(4) Old regions: 0->11
[2024-05-28T21:17:03.201+0600][7.918s][info][gc,heap       ] GC(4) Humongous regions: 6->5
[2024-05-28T21:17:03.201+0600][7.918s][info][gc,metaspace  ] GC(4) Metaspace: 58918K->58918K(1101824K)
[2024-05-28T21:17:03.201+0600][7.918s][info][gc            ] GC(4) Pause Young (Concurrent Start) (Metadata GC Threshold) 307M->53M(7168M) 36.550ms
[2024-05-28T21:17:03.201+0600][7.918s][info][gc,cpu        ] GC(4) User=0.13s Sys=0.02s Real=0.04s
[2024-05-28T21:17:03.201+0600][7.918s][info][gc            ] GC(5) Concurrent Cycle
[2024-05-28T21:17:03.201+0600][7.918s][info][gc,marking    ] GC(5) Concurrent Clear Claimed Marks
[2024-05-28T21:17:03.201+0600][7.918s][info][gc,marking    ] GC(5) Concurrent Clear Claimed Marks 0.073ms
[2024-05-28T21:17:03.201+0600][7.918s][info][gc,marking    ] GC(5) Concurrent Scan Root Regions
[2024-05-28T21:17:03.201+0600][7.927s][info][gc,marking    ] GC(5) Concurrent Scan Root Regions 8.822ms
[2024-05-28T21:17:03.201+0600][7.927s][info][gc,marking    ] GC(5) Concurrent Mark (7.927s)
[2024-05-28T21:17:03.201+0600][7.927s][info][gc,marking    ] GC(5) Concurrent Mark From Roots
[2024-05-28T21:17:03.201+0600][7.927s][info][gc,task       ] GC(5) Using 2 workers of 2 for marking
[2024-05-28T21:17:03.217+0600][7.939s][info][gc,marking    ] GC(5) Concurrent Mark From Roots 11.896ms
[2024-05-28T21:17:03.217+0600][7.939s][info][gc,marking    ] GC(5) Concurrent Preclean
[2024-05-28T21:17:03.217+0600][7.939s][info][gc,marking    ] GC(5) Concurrent Preclean 0.169ms
[2024-05-28T21:17:03.217+0600][7.939s][info][gc,marking    ] GC(5) Concurrent Mark (7.927s, 7.939s) 12.166ms
[2024-05-28T21:17:03.217+0600][7.939s][info][gc,start      ] GC(5) Pause Remark
[2024-05-28T21:17:03.217+0600][7.943s][info][gc,stringtable] GC(5) Cleaned string and symbol table, strings: 30945 processed, 0 removed, symbols: 174493 processed, 106 removed
[2024-05-28T21:17:03.217+0600][7.944s][info][gc            ] GC(5) Pause Remark 54M->54M(7168M) 4.432ms
[2024-05-28T21:17:03.217+0600][7.944s][info][gc,cpu        ] GC(5) User=0.00s Sys=0.00s Real=0.00s
[2024-05-28T21:17:03.217+0600][7.944s][info][gc,marking    ] GC(5) Concurrent Rebuild Remembered Sets
[2024-05-28T21:17:03.233+0600][7.949s][info][gc,marking    ] GC(5) Concurrent Rebuild Remembered Sets 5.095ms
[2024-05-28T21:17:03.233+0600][7.949s][info][gc,start      ] GC(5) Pause Cleanup
[2024-05-28T21:17:03.233+0600][7.949s][info][gc            ] GC(5) Pause Cleanup 55M->55M(7168M) 0.476ms
[2024-05-28T21:17:03.233+0600][7.949s][info][gc,cpu        ] GC(5) User=0.00s Sys=0.00s Real=0.00s
[2024-05-28T21:17:03.233+0600][7.949s][info][gc,marking    ] GC(5) Concurrent Cleanup for Next Mark
[2024-05-28T21:17:03.233+0600][7.957s][info][gc,marking    ] GC(5) Concurrent Cleanup for Next Mark 7.272ms
[2024-05-28T21:17:03.233+0600][7.957s][info][gc            ] GC(5) Concurrent Cycle 38.866ms
[2024-05-28T21:17:06.614+0600][11.336s][info][gc,start      ] GC(6) Pause Young (Concurrent Start) (G1 Evacuation Pause)
[2024-05-28T21:17:06.614+0600][11.336s][info][gc,task       ] GC(6) Using 8 workers of 8 for evacuation
[2024-05-28T21:17:06.645+0600][11.372s][info][gc,phases     ] GC(6)   Pre Evacuate Collection Set: 0.1ms
[2024-05-28T21:17:06.645+0600][11.373s][info][gc,phases     ] GC(6)   Evacuate Collection Set: 34.8ms
[2024-05-28T21:17:06.645+0600][11.373s][info][gc,phases     ] GC(6)   Post Evacuate Collection Set: 1.3ms
[2024-05-28T21:17:06.645+0600][11.373s][info][gc,phases     ] GC(6)   Other: 0.3ms
[2024-05-28T21:17:06.645+0600][11.373s][info][gc,heap       ] GC(6) Eden regions: 167->0(162)
[2024-05-28T21:17:06.645+0600][11.373s][info][gc,heap       ] GC(6) Survivor regions: 12->17(23)
[2024-05-28T21:17:06.645+0600][11.373s][info][gc,heap       ] GC(6) Old regions: 11->11
[2024-05-28T21:17:06.645+0600][11.373s][info][gc,heap       ] GC(6) Humongous regions: 5->5
[2024-05-28T21:17:06.645+0600][11.373s][info][gc,metaspace  ] GC(6) Metaspace: 78493K->78493K(1120256K)
[2024-05-28T21:17:06.645+0600][11.373s][info][gc            ] GC(6) Pause Young (Concurrent Start) (G1 Evacuation Pause) 387M->63M(7168M) 36.779ms
[2024-05-28T21:17:06.645+0600][11.373s][info][gc,cpu        ] GC(6) User=0.13s Sys=0.13s Real=0.03s
[2024-05-28T21:17:06.645+0600][11.373s][info][gc            ] GC(7) Concurrent Cycle
[2024-05-28T21:17:06.645+0600][11.373s][info][gc,marking    ] GC(7) Concurrent Clear Claimed Marks
[2024-05-28T21:17:06.645+0600][11.373s][info][gc,marking    ] GC(7) Concurrent Clear Claimed Marks 0.112ms
[2024-05-28T21:17:06.645+0600][11.373s][info][gc,marking    ] GC(7) Concurrent Scan Root Regions
[2024-05-28T21:17:06.670+0600][11.386s][info][gc,marking    ] GC(7) Concurrent Scan Root Regions 12.901ms
[2024-05-28T21:17:06.670+0600][11.386s][info][gc,marking    ] GC(7) Concurrent Mark (11.386s)
[2024-05-28T21:17:06.670+0600][11.386s][info][gc,marking    ] GC(7) Concurrent Mark From Roots
[2024-05-28T21:17:06.670+0600][11.386s][info][gc,task       ] GC(7) Using 2 workers of 2 for marking
[2024-05-28T21:17:06.677+0600][11.398s][info][gc,marking    ] GC(7) Concurrent Mark From Roots 11.719ms
[2024-05-28T21:17:06.677+0600][11.398s][info][gc,marking    ] GC(7) Concurrent Preclean
[2024-05-28T21:17:06.677+0600][11.398s][info][gc,marking    ] GC(7) Concurrent Preclean 0.139ms
[2024-05-28T21:17:06.677+0600][11.398s][info][gc,marking    ] GC(7) Concurrent Mark (11.386s, 11.398s) 11.956ms
[2024-05-28T21:17:06.677+0600][11.398s][info][gc,start      ] GC(7) Pause Remark
[2024-05-28T21:17:06.692+0600][11.408s][info][gc,stringtable] GC(7) Cleaned string and symbol table, strings: 41655 processed, 24 removed, symbols: 229700 processed, 232 removed
[2024-05-28T21:17:06.692+0600][11.408s][info][gc            ] GC(7) Pause Remark 66M->66M(7168M) 10.391ms
[2024-05-28T21:17:06.692+0600][11.408s][info][gc,cpu        ] GC(7) User=0.02s Sys=0.00s Real=0.01s
[2024-05-28T21:17:06.692+0600][11.408s][info][gc,marking    ] GC(7) Concurrent Rebuild Remembered Sets
[2024-05-28T21:17:06.692+0600][11.414s][info][gc,marking    ] GC(7) Concurrent Rebuild Remembered Sets 5.233ms
[2024-05-28T21:17:06.692+0600][11.414s][info][gc,start      ] GC(7) Pause Cleanup
[2024-05-28T21:17:06.692+0600][11.414s][info][gc            ] GC(7) Pause Cleanup 66M->66M(7168M) 0.333ms
[2024-05-28T21:17:06.692+0600][11.414s][info][gc,cpu        ] GC(7) User=0.00s Sys=0.00s Real=0.00s
[2024-05-28T21:17:06.692+0600][11.414s][info][gc,marking    ] GC(7) Concurrent Cleanup for Next Mark
[2024-05-28T21:17:06.692+0600][11.420s][info][gc,marking    ] GC(7) Concurrent Cleanup for Next Mark 5.805ms
[2024-05-28T21:17:06.692+0600][11.420s][info][gc            ] GC(7) Concurrent Cycle 47.494ms
[2024-05-28T21:17:14.125+0600][18.843s][info][gc,start      ] GC(8) Pause Young (Normal) (G1 Evacuation Pause)
[2024-05-28T21:17:14.125+0600][18.843s][info][gc,task       ] GC(8) Using 8 workers of 8 for evacuation
[2024-05-28T21:17:14.141+0600][18.867s][info][gc,phases     ] GC(8)   Pre Evacuate Collection Set: 0.1ms
[2024-05-28T21:17:14.141+0600][18.867s][info][gc,phases     ] GC(8)   Evacuate Collection Set: 20.8ms
[2024-05-28T21:17:14.141+0600][18.867s][info][gc,phases     ] GC(8)   Post Evacuate Collection Set: 3.2ms
[2024-05-28T21:17:14.141+0600][18.867s][info][gc,phases     ] GC(8)   Other: 0.2ms
[2024-05-28T21:17:14.141+0600][18.867s][info][gc,heap       ] GC(8) Eden regions: 162->0(163)
[2024-05-28T21:17:14.141+0600][18.867s][info][gc,heap       ] GC(8) Survivor regions: 17->16(23)
[2024-05-28T21:17:14.141+0600][18.867s][info][gc,heap       ] GC(8) Old regions: 11->17
[2024-05-28T21:17:14.141+0600][18.867s][info][gc,heap       ] GC(8) Humongous regions: 5->5
[2024-05-28T21:17:14.141+0600][18.867s][info][gc,metaspace  ] GC(8) Metaspace: 82075K->82075K(1122304K)
[2024-05-28T21:17:14.141+0600][18.867s][info][gc            ] GC(8) Pause Young (Normal) (G1 Evacuation Pause) 387M->75M(7168M) 24.402ms
[2024-05-28T21:17:14.141+0600][18.867s][info][gc,cpu        ] GC(8) User=0.06s Sys=0.06s Real=0.02s
[2024-05-28T21:18:38.181+0600][102.901s][info][gc,heap,exit  ] Heap
[2024-05-28T21:18:38.181+0600][102.901s][info][gc,heap,exit  ]  garbage-first heap   total 7340032K, used 220363K [0x0000000640000000, 0x0000000800000000)
[2024-05-28T21:18:38.181+0600][102.901s][info][gc,heap,exit  ]   region size 2048K, 85 young (174080K), 16 survivors (32768K)
[2024-05-28T21:18:38.181+0600][102.901s][info][gc,heap,exit  ]  Metaspace       used 84893K, capacity 86894K, committed 86912K, reserved 1126400K
[2024-05-28T21:18:38.181+0600][102.901s][info][gc,heap,exit  ]   class space    used 10048K, capacity 10864K, committed 10880K, reserved 1048576K
